// Jest Snapshot v1, https://goo.gl/fbAQLP

exports[`rtl  cjs 1`] = `
"const path = require('path');
const { run } = require('axe-core');
const { reactRunDOM } = require('@component-controls/test-renderers');
require('@component-controls/jest-axe-matcher');

const { loadConfigurations } = require('@component-controls/config');
const { renderExample } = require('@component-controls/test-renderers');
const { render, act } = require('@testing-library/react');
const { renderErr } = require('@component-controls/test-renderers');

const doc = require('./fixtures/VariantButton.docs');
const {
  overview,
  primary,
  accent,
  disabled,
  success,
  error,
  warning,
} = require('./fixtures/VariantButton.docs');

describe('VariantButton', () => {
  const configPath = path.resolve(__dirname, '.config');
  const config = loadConfigurations(configPath);

  describe('overview', () => {
    const example = overview;

    let rendered;
    act(() => {
      rendered = renderExample({
        example,
        doc,
        config,
      });
    });
    if (!rendered) {
      renderErr();
      return;
    }
    it('snapshot', () => {
      const { asFragment } = render(rendered);
      expect(asFragment()).toMatchSnapshot();
    });
    it('accessibility', async () => {
      const axeResults = await reactRunDOM(rendered, run);
      expect(axeResults).toHaveNoAxeViolations();
    });
  });

  describe('primary', () => {
    const example = primary;

    let rendered;
    act(() => {
      rendered = renderExample({
        example,
        doc,
        config,
      });
    });
    if (!rendered) {
      renderErr();
      return;
    }
    it('snapshot', () => {
      const { asFragment } = render(rendered);
      expect(asFragment()).toMatchSnapshot();
    });
    it('accessibility', async () => {
      const axeResults = await reactRunDOM(rendered, run);
      expect(axeResults).toHaveNoAxeViolations();
    });
  });

  describe('accent', () => {
    const example = accent;

    let rendered;
    act(() => {
      rendered = renderExample({
        example,
        doc,
        config,
      });
    });
    if (!rendered) {
      renderErr();
      return;
    }
    it('snapshot', () => {
      const { asFragment } = render(rendered);
      expect(asFragment()).toMatchSnapshot();
    });
    it('accessibility', async () => {
      const axeResults = await reactRunDOM(rendered, run);
      expect(axeResults).toHaveNoAxeViolations();
    });
  });

  describe('disabled', () => {
    const example = disabled;

    let rendered;
    act(() => {
      rendered = renderExample({
        example,
        doc,
        config,
      });
    });
    if (!rendered) {
      renderErr();
      return;
    }
    it('snapshot', () => {
      const { asFragment } = render(rendered);
      expect(asFragment()).toMatchSnapshot();
    });
    it('accessibility', async () => {
      const axeResults = await reactRunDOM(rendered, run);
      expect(axeResults).toHaveNoAxeViolations();
    });
  });

  describe('success', () => {
    const example = success;

    let rendered;
    act(() => {
      rendered = renderExample({
        example,
        doc,
        config,
      });
    });
    if (!rendered) {
      renderErr();
      return;
    }
    it('snapshot', () => {
      const { asFragment } = render(rendered);
      expect(asFragment()).toMatchSnapshot();
    });
    it('accessibility', async () => {
      const axeResults = await reactRunDOM(rendered, run);
      expect(axeResults).toHaveNoAxeViolations();
    });
  });

  describe('error', () => {
    const example = error;

    let rendered;
    act(() => {
      rendered = renderExample({
        example,
        doc,
        config,
      });
    });
    if (!rendered) {
      renderErr();
      return;
    }
    it('snapshot', () => {
      const { asFragment } = render(rendered);
      expect(asFragment()).toMatchSnapshot();
    });
    it('accessibility', async () => {
      const axeResults = await reactRunDOM(rendered, run);
      expect(axeResults).toHaveNoAxeViolations();
    });
  });

  describe('warning', () => {
    const example = warning;

    let rendered;
    act(() => {
      rendered = renderExample({
        example,
        doc,
        config,
      });
    });
    if (!rendered) {
      renderErr();
      return;
    }
    it('snapshot', () => {
      const { asFragment } = render(rendered);
      expect(asFragment()).toMatchSnapshot();
    });
    it('accessibility', async () => {
      const axeResults = await reactRunDOM(rendered, run);
      expect(axeResults).toHaveNoAxeViolations();
    });
  });
});
"
`;
