// Jest Snapshot v1, https://goo.gl/fbAQLP

exports[`rtr bundle ts 1`] = `
"import * as path from 'path';
const { run, AxeResults } = require('axe-core');
const { reactRunDOM } = require('@component-controls/test-renderers');
import '@component-controls/jest-axe-matcher';
import { loadStore } from '@component-controls/store';
import renderer, { act } from 'react-test-renderer';
import { renderErr, componentErr } from '@component-controls/test-renderers';

describe('Components/Header', () => {
  const store = loadStore(
    require(path.resolve(__dirname, './bundle/component-controls.js')),
  );
  const renderFn = store.config.renderFn;
  const doc = store.docs['Components/Header'];

  describe('Overview', () => {
    const story = store.stories['components-header--overview'];

    let rendered;
    act(() => {
      rendered = renderFn(story, doc);
    });
    if (!rendered) {
      renderErr();
      return;
    }
    it('snapshot', () => {
      const component = renderer.create(rendered);
      if (!component) {
        componentErr();
        return;
      }
      expect(component.toJSON()).toMatchSnapshot();
    });
    it('accessibility', async () => {
      const axeResults = await reactRunDOM<AxeResults>(rendered, run);
      expect(axeResults).toHaveNoAxeViolations();
    });
  });
});
"
`;
