// Jest Snapshot v1, https://goo.gl/fbAQLP

exports[`BaseWebColor overview 1`] = `
<DocumentFragment>
  <table
    class="css-1ea51ic-TableRowContainer"
  >
    <tbody>
      <tr>
        <td
          class="css-1xq52go-BaseBaseWebColor"
        >
          <div
            class="css-iiq0sn-BaseBaseWebColor"
          >
            <div
              class="css-105l5d0-BaseBaseWebColor"
              style="display: inline-block;"
            />
          </div>
        </td>
        <td
          class="css-s2orr4-BaseBaseWebColor"
        >
          <div
            class="css-lcfkmr-BaseBaseWebColor"
          >
             cobalt400
          </div>
        </td>
        <td
          class="css-1ni2uz8-BaseBaseWebColor"
        >
          <div
            class="css-lcfkmr-BaseBaseWebColor"
          >
            #0E1FC1
          </div>
        </td>
      </tr>
    </tbody>
  </table>
</DocumentFragment>
`;

exports[`BaseWebColor palette 1`] = `
<DocumentFragment>
  <table
    class="css-1yvi9la-BaseWebColorPalette"
  >
    <colgroup>
      <col
        span="1"
      />
      <col
        span="1"
      />
      <col
        span="1"
      />
    </colgroup>
    <tbody>
      <tr>
        <td
          class="css-1xq52go-BaseBaseWebColor"
        >
          <div
            class="css-iiq0sn-BaseBaseWebColor"
          >
            <div
              class="css-1balwgv-BaseBaseWebColor"
              style="display: inline-block;"
            />
          </div>
        </td>
        <td
          class="css-1uinakp-BaseBaseWebColor"
        >
          <div
            class="css-lcfkmr-BaseBaseWebColor"
          >
             yellow50
          </div>
        </td>
        <td
          class="css-121kh9-BaseBaseWebColor"
        >
          <div
            class="css-lcfkmr-BaseBaseWebColor"
          >
            #FFFAF0
          </div>
        </td>
      </tr>
      <tr>
        <td
          class="css-1xq52go-BaseBaseWebColor"
        >
          <div
            class="css-iiq0sn-BaseBaseWebColor"
          >
            <div
              class="css-uqzlgg-BaseBaseWebColor"
              style="display: inline-block;"
            />
          </div>
        </td>
        <td
          class="css-bgyert-BaseBaseWebColor"
        >
          <div
            class="css-lcfkmr-BaseBaseWebColor"
          >
             yellow100
          </div>
        </td>
        <td
          class="css-lb10y6-BaseBaseWebColor"
        >
          <div
            class="css-lcfkmr-BaseBaseWebColor"
          >
            #FFF2D9
          </div>
        </td>
      </tr>
      <tr>
        <td
          class="css-1xq52go-BaseBaseWebColor"
        >
          <div
            class="css-iiq0sn-BaseBaseWebColor"
          >
            <div
              class="css-1utt1la-BaseBaseWebColor"
              style="display: inline-block;"
            />
          </div>
        </td>
        <td
          class="css-tevb8l-BaseBaseWebColor"
        >
          <div
            class="css-lcfkmr-BaseBaseWebColor"
          >
             yellow200
          </div>
        </td>
        <td
          class="css-tjr05u-BaseBaseWebColor"
        >
          <div
            class="css-lcfkmr-BaseBaseWebColor"
          >
            #FFE3AC
          </div>
        </td>
      </tr>
      <tr>
        <td
          class="css-1xq52go-BaseBaseWebColor"
        >
          <div
            class="css-iiq0sn-BaseBaseWebColor"
          >
            <div
              class="css-1wpwymb-BaseBaseWebColor"
              style="display: inline-block;"
            />
          </div>
        </td>
        <td
          class="css-1n0uclb-BaseBaseWebColor"
        >
          <div
            class="css-lcfkmr-BaseBaseWebColor"
          >
             yellow300
          </div>
        </td>
        <td
          class="css-1yocqkn-BaseBaseWebColor"
        >
          <div
            class="css-lcfkmr-BaseBaseWebColor"
          >
            #FFCF70
          </div>
        </td>
      </tr>
      <tr>
        <td
          class="css-1xq52go-BaseBaseWebColor"
        >
          <div
            class="css-iiq0sn-BaseBaseWebColor"
          >
            <div
              class="css-df45si-BaseBaseWebColor"
              style="display: inline-block;"
            />
          </div>
        </td>
        <td
          class="css-10vbtjy-BaseBaseWebColor"
        >
          <div
            class="css-lcfkmr-BaseBaseWebColor"
          >
             yellow400
          </div>
        </td>
        <td
          class="css-g5lnmf-BaseBaseWebColor"
        >
          <div
            class="css-lcfkmr-BaseBaseWebColor"
          >
            #FFC043
          </div>
        </td>
      </tr>
      <tr>
        <td
          class="css-1xq52go-BaseBaseWebColor"
        >
          <div
            class="css-iiq0sn-BaseBaseWebColor"
          >
            <div
              class="css-pykau9-BaseBaseWebColor"
              style="display: inline-block;"
            />
          </div>
        </td>
        <td
          class="css-1xesi7l-BaseBaseWebColor"
        >
          <div
            class="css-lcfkmr-BaseBaseWebColor"
          >
             yellow500
          </div>
        </td>
        <td
          class="css-ecsjuq-BaseBaseWebColor"
        >
          <div
            class="css-lcfkmr-BaseBaseWebColor"
          >
            #BC8B2C
          </div>
        </td>
      </tr>
      <tr>
        <td
          class="css-1xq52go-BaseBaseWebColor"
        >
          <div
            class="css-iiq0sn-BaseBaseWebColor"
          >
            <div
              class="css-193xcnt-BaseBaseWebColor"
              style="display: inline-block;"
            />
          </div>
        </td>
        <td
          class="css-6ekpo1-BaseBaseWebColor"
        >
          <div
            class="css-lcfkmr-BaseBaseWebColor"
          >
             yellow600
          </div>
        </td>
        <td
          class="css-9l7tof-BaseBaseWebColor"
        >
          <div
            class="css-lcfkmr-BaseBaseWebColor"
          >
            #997328
          </div>
        </td>
      </tr>
      <tr>
        <td
          class="css-1xq52go-BaseBaseWebColor"
        >
          <div
            class="css-iiq0sn-BaseBaseWebColor"
          >
            <div
              class="css-1kcyjbk-BaseBaseWebColor"
              style="display: inline-block;"
            />
          </div>
        </td>
        <td
          class="css-1gp6sfw-BaseBaseWebColor"
        >
          <div
            class="css-lcfkmr-BaseBaseWebColor"
          >
             yellow700
          </div>
        </td>
        <td
          class="css-3znspq-BaseBaseWebColor"
        >
          <div
            class="css-lcfkmr-BaseBaseWebColor"
          >
            #674D1B
          </div>
        </td>
      </tr>
    </tbody>
  </table>
</DocumentFragment>
`;
