// Jest Snapshot v1, https://goo.gl/fbAQLP

exports[`AllyBlock overview snapshot 1`] = `
<DocumentFragment>
  .emotion-0 {
  box-sizing: border-box;
  margin: 0;
  min-width: 0;
  position: relative;
  margin-top: 32px;
  margin-bottom: 32px;
  width: 100%;
  scroll-margin-top: 5rem;
}

.emotion-1 {
  box-sizing: border-box;
  margin: 0;
  min-width: 0;
  width: 100%;
  scroll-margin-top: 5rem;
}

.emotion-2 {
  box-sizing: border-box;
  margin: 0;
  min-width: 0;
  position: relative;
  display: -webkit-box;
  display: -webkit-flex;
  display: -ms-flexbox;
  display: flex;
  -webkit-flex-direction: row;
  -ms-flex-direction: row;
  flex-direction: row;
  -webkit-align-items: center;
  -webkit-box-align: center;
  -ms-flex-align: center;
  align-items: center;
}

.emotion-2:hover a {
  visibility: visible;
}

.emotion-3 {
  box-sizing: border-box;
  margin: 0;
  min-width: 0;
  box-shadow: 0px 1px 3px 0px rgba(0, 0, 0, 0.1);
  border: 1px solid rgba(0, 0, 0, 0.1);
  display: -webkit-box;
  display: -webkit-flex;
  display: -ms-flexbox;
  display: flex;
  -webkit-flex-direction: column;
  -ms-flex-direction: column;
  flex-direction: column;
}

.emotion-4 {
  box-sizing: border-box;
  margin: 0;
  min-width: 0;
}

.emotion-8 {
  box-sizing: border-box;
  margin: 0;
  min-width: 0;
  padding-left: 32px;
  padding-right: 32px;
  padding-top: 16px;
  padding-bottom: 16px;
}

.emotion-9 {
  box-sizing: border-box;
  margin: 0;
  min-width: 0;
  all: unset;
}

.emotion-10 {
  box-sizing: border-box;
  margin: 0;
  min-width: 0;
  color: #5c6ac4;
}

<div
    class="emotion-0"
  >
    <div
      class="emotion-1"
      id=""
    >
      <div
        class="emotion-2"
      />
    </div>
    <div
      aria-hidden="false"
      class="rah-static rah-static--height-auto"
      style="height: auto; overflow: visible;"
    >
      <div>
        <div>
          <div
            class="emotion-3"
          >
            <div
              class="emotion-4"
            >
              <div
                class="emotion-0"
                data-testid="story"
              >
                <div
                  class="emotion-1"
                  id=""
                >
                  <div
                    class="emotion-2"
                  />
                </div>
                <div
                  aria-hidden="false"
                  class="rah-static rah-static--height-auto"
                  style="height: auto; overflow: visible;"
                >
                  <div>
                    <div
                      class="emotion-8"
                      data-testid="story"
                      id="blocks-core-story-plain--controls"
                    >
                      <div
                        class="story-render-container emotion-9"
                      >
                        <svg
                          aria-label="example donut graphic"
                          class="emotion-10"
                          fill="none"
                          height="128"
                          role="img"
                          stroke="currentcolor"
                          stroke-width="2"
                          viewBox="0 0 32 32"
                          width="128"
                        >
                          <circle
                            cx="16"
                            cy="16"
                            opacity="0.125"
                            r="14"
                          />
                          <circle
                            cx="16"
                            cy="16"
                            r="14"
                            stroke-dasharray="87.96459430051421"
                            stroke-dashoffset="43.982297150257104"
                            transform="rotate(-90 16 16)"
                          />
                        </svg>
                      </div>
                    </div>
                  </div>
                </div>
              </div>
            </div>
          </div>
        </div>
      </div>
    </div>
  </div>
</DocumentFragment>
`;
