// Jest Snapshot v1, https://goo.gl/fbAQLP

exports[`component-tests Table 1`] = `
Object {
  "coverage": Object {
    "Table.tsx": Object {
      "branches": Object {
        "covered": 40,
        "pct": 80,
        "skipped": 0,
        "total": 50,
      },
      "functions": Object {
        "covered": 7,
        "pct": 63.63,
        "skipped": 0,
        "total": 11,
      },
      "lines": Object {
        "covered": 50,
        "pct": 98.03,
        "skipped": 0,
        "total": 51,
      },
      "statements": Object {
        "covered": 56,
        "pct": 98.24,
        "skipped": 0,
        "total": 57,
      },
    },
    "TableFilter.tsx": Object {
      "branches": Object {
        "covered": 1,
        "pct": 25,
        "skipped": 0,
        "total": 4,
      },
      "functions": Object {
        "covered": 1,
        "pct": 50,
        "skipped": 0,
        "total": 2,
      },
      "lines": Object {
        "covered": 5,
        "pct": 83.33,
        "skipped": 0,
        "total": 6,
      },
      "statements": Object {
        "covered": 5,
        "pct": 83.33,
        "skipped": 0,
        "total": 6,
      },
    },
    "TableGrouping.tsx": Object {
      "branches": Object {
        "covered": 14,
        "pct": 73.68,
        "skipped": 0,
        "total": 19,
      },
      "functions": Object {
        "covered": 8,
        "pct": 100,
        "skipped": 0,
        "total": 8,
      },
      "lines": Object {
        "covered": 20,
        "pct": 95.23,
        "skipped": 0,
        "total": 21,
      },
      "statements": Object {
        "covered": 20,
        "pct": 95.23,
        "skipped": 0,
        "total": 21,
      },
    },
    "TablePagination.tsx": Object {
      "branches": Object {
        "covered": 10,
        "pct": 41.66,
        "skipped": 0,
        "total": 24,
      },
      "functions": Object {
        "covered": 3,
        "pct": 30,
        "skipped": 0,
        "total": 10,
      },
      "lines": Object {
        "covered": 10,
        "pct": 58.82,
        "skipped": 0,
        "total": 17,
      },
      "statements": Object {
        "covered": 10,
        "pct": 55.55,
        "skipped": 0,
        "total": 18,
      },
    },
    "TableRowSelection.tsx": Object {
      "branches": Object {
        "covered": 1,
        "pct": 50,
        "skipped": 0,
        "total": 2,
      },
      "functions": Object {
        "covered": 5,
        "pct": 100,
        "skipped": 0,
        "total": 5,
      },
      "lines": Object {
        "covered": 8,
        "pct": 100,
        "skipped": 0,
        "total": 8,
      },
      "statements": Object {
        "covered": 10,
        "pct": 100,
        "skipped": 0,
        "total": 10,
      },
    },
    "useTableLayout.ts": Object {
      "branches": Object {
        "covered": 4,
        "pct": 100,
        "skipped": 0,
        "total": 4,
      },
      "functions": Object {
        "covered": 3,
        "pct": 100,
        "skipped": 0,
        "total": 3,
      },
      "lines": Object {
        "covered": 7,
        "pct": 100,
        "skipped": 0,
        "total": 7,
      },
      "statements": Object {
        "covered": 8,
        "pct": 100,
        "skipped": 0,
        "total": 8,
      },
    },
  },
  "results": Array [
    Object {
      "leaks": false,
      "perfStats": Object {
        "end": 1640451513511,
        "runtime": 21637,
        "slow": true,
        "start": 1640451491874,
      },
      "testFilePath": "Table.test.ts",
      "testResults": Array [
        Object {
          "ancestorTitles": Array [
            "Table",
            "overview",
          ],
          "duration": 288,
          "failureDetails": Array [],
          "fullName": "Table overview snapshot",
          "numPassingAsserts": 0,
          "status": "passed",
          "title": "snapshot",
        },
        Object {
          "ancestorTitles": Array [
            "Table",
            "overview",
          ],
          "duration": 570,
          "failureDetails": Array [],
          "fullName": "Table overview accessibility",
          "numPassingAsserts": 0,
          "status": "passed",
          "title": "accessibility",
        },
        Object {
          "ancestorTitles": Array [
            "Table",
            "noHeader",
          ],
          "duration": 79,
          "failureDetails": Array [],
          "fullName": "Table noHeader snapshot",
          "numPassingAsserts": 0,
          "status": "passed",
          "title": "snapshot",
        },
        Object {
          "ancestorTitles": Array [
            "Table",
            "noHeader",
          ],
          "duration": 487,
          "failureDetails": Array [],
          "fullName": "Table noHeader accessibility",
          "numPassingAsserts": 0,
          "status": "passed",
          "title": "accessibility",
        },
        Object {
          "ancestorTitles": Array [
            "Table",
            "sortable",
          ],
          "duration": 102,
          "failureDetails": Array [],
          "fullName": "Table sortable snapshot",
          "numPassingAsserts": 0,
          "status": "passed",
          "title": "snapshot",
        },
        Object {
          "ancestorTitles": Array [
            "Table",
            "sortable",
          ],
          "duration": 714,
          "failureDetails": Array [],
          "fullName": "Table sortable accessibility",
          "numPassingAsserts": 0,
          "status": "passed",
          "title": "accessibility",
        },
        Object {
          "ancestorTitles": Array [
            "Table",
            "filterable",
          ],
          "duration": 110,
          "failureDetails": Array [],
          "fullName": "Table filterable snapshot",
          "numPassingAsserts": 0,
          "status": "passed",
          "title": "snapshot",
        },
        Object {
          "ancestorTitles": Array [
            "Table",
            "filterable",
          ],
          "duration": 543,
          "failureDetails": Array [],
          "fullName": "Table filterable accessibility",
          "numPassingAsserts": 0,
          "status": "passed",
          "title": "accessibility",
        },
        Object {
          "ancestorTitles": Array [
            "Table",
            "grouping",
          ],
          "duration": 88,
          "failureDetails": Array [],
          "fullName": "Table grouping snapshot",
          "numPassingAsserts": 0,
          "status": "passed",
          "title": "snapshot",
        },
        Object {
          "ancestorTitles": Array [
            "Table",
            "grouping",
          ],
          "duration": 622,
          "failureDetails": Array [],
          "fullName": "Table grouping accessibility",
          "numPassingAsserts": 0,
          "status": "passed",
          "title": "accessibility",
        },
        Object {
          "ancestorTitles": Array [
            "Table",
            "editing",
          ],
          "duration": 26,
          "failureDetails": Array [],
          "fullName": "Table editing snapshot",
          "numPassingAsserts": 0,
          "status": "passed",
          "title": "snapshot",
        },
        Object {
          "ancestorTitles": Array [
            "Table",
            "editing",
          ],
          "duration": 132,
          "failureDetails": Array [],
          "fullName": "Table editing accessibility",
          "numPassingAsserts": 0,
          "status": "passed",
          "title": "accessibility",
        },
        Object {
          "ancestorTitles": Array [
            "Table",
            "rowSelect",
          ],
          "duration": 122,
          "failureDetails": Array [],
          "fullName": "Table rowSelect snapshot",
          "numPassingAsserts": 0,
          "status": "passed",
          "title": "snapshot",
        },
        Object {
          "ancestorTitles": Array [
            "Table",
            "rowSelect",
          ],
          "duration": 1717,
          "failureDetails": Array [],
          "fullName": "Table rowSelect accessibility",
          "numPassingAsserts": 0,
          "status": "passed",
          "title": "accessibility",
        },
        Object {
          "ancestorTitles": Array [
            "Table",
            "pagination",
            "1",
          ],
          "duration": 124,
          "failureDetails": Array [],
          "fullName": "Table pagination 1 snapshot",
          "numPassingAsserts": 0,
          "status": "passed",
          "title": "snapshot",
        },
        Object {
          "ancestorTitles": Array [
            "Table",
            "pagination",
            "1",
          ],
          "duration": 835,
          "failureDetails": Array [],
          "fullName": "Table pagination 1 accessibility",
          "numPassingAsserts": 0,
          "status": "passed",
          "title": "accessibility",
        },
        Object {
          "ancestorTitles": Array [
            "Table",
            "pagination",
            "2",
          ],
          "duration": 150,
          "failureDetails": Array [],
          "fullName": "Table pagination 2 snapshot",
          "numPassingAsserts": 0,
          "status": "passed",
          "title": "snapshot",
        },
        Object {
          "ancestorTitles": Array [
            "Table",
            "pagination",
            "2",
          ],
          "duration": 693,
          "failureDetails": Array [],
          "fullName": "Table pagination 2 accessibility",
          "numPassingAsserts": 0,
          "status": "passed",
          "title": "accessibility",
        },
        Object {
          "ancestorTitles": Array [
            "Table",
            "pagination",
            "3",
          ],
          "duration": 179,
          "failureDetails": Array [],
          "fullName": "Table pagination 3 snapshot",
          "numPassingAsserts": 0,
          "status": "passed",
          "title": "snapshot",
        },
        Object {
          "ancestorTitles": Array [
            "Table",
            "pagination",
            "3",
          ],
          "duration": 1502,
          "failureDetails": Array [],
          "fullName": "Table pagination 3 accessibility",
          "numPassingAsserts": 0,
          "status": "passed",
          "title": "accessibility",
        },
        Object {
          "ancestorTitles": Array [
            "Table",
            "pagination",
            "4",
          ],
          "duration": 138,
          "failureDetails": Array [],
          "fullName": "Table pagination 4 snapshot",
          "numPassingAsserts": 0,
          "status": "passed",
          "title": "snapshot",
        },
        Object {
          "ancestorTitles": Array [
            "Table",
            "pagination",
            "4",
          ],
          "duration": 782,
          "failureDetails": Array [],
          "fullName": "Table pagination 4 accessibility",
          "numPassingAsserts": 0,
          "status": "passed",
          "title": "accessibility",
        },
        Object {
          "ancestorTitles": Array [
            "Table",
            "pagination",
            "5",
          ],
          "duration": 142,
          "failureDetails": Array [],
          "fullName": "Table pagination 5 snapshot",
          "numPassingAsserts": 0,
          "status": "passed",
          "title": "snapshot",
        },
        Object {
          "ancestorTitles": Array [
            "Table",
            "pagination",
            "5",
          ],
          "duration": 990,
          "failureDetails": Array [],
          "fullName": "Table pagination 5 accessibility",
          "numPassingAsserts": 0,
          "status": "passed",
          "title": "accessibility",
        },
      ],
    },
  ],
}
`;
