// Jest Snapshot v1, https://goo.gl/fbAQLP

exports[`imports ../../../ui/blocks/src/Story/Story.tsx 1`] = `
Object {
  "description": "block component to render story function with decorators",
  "displayName": "Story",
  "methods": Array [],
  "props": Object {
    "collapsible": Object {
      "description": "if false, will nothave a collapsible frame.",
      "parentName": "BlockContainerProps",
      "type": Object {
        "name": "boolean",
        "raw": "boolean",
      },
    },
    "data-testid": Object {
      "description": "testing id",
      "parentName": "BlockContainerProps",
      "type": Object {
        "name": "string",
        "raw": "string",
      },
    },
    "description": Object {
      "description": "optional markdown description.",
      "parentName": "BlockContainerProps",
      "type": Object {
        "name": "string",
        "raw": "string",
      },
    },
    "id": Object {
      "description": "optional id to be used for the block
if no id is provided, one will be calculated automatically
from the title.",
      "parentName": "StoryInputProps",
      "type": Object {
        "name": "string",
        "raw": "string",
      },
    },
    "iframeStyle": Object {
      "description": "if an iframe wrapper - this is additional iframe style",
      "parentName": "StoryOwnProps",
      "type": Object {
        "name": "CSSProperties",
        "raw": "CSSProperties",
      },
    },
    "name": Object {
      "parentName": "StoryInputProps",
      "type": Object {
        "name": "string",
        "raw": "string",
      },
    },
    "onRender": Object {
      "description": "used by other blocks
ie ally plugin uses it launch a new ally test on re-render",
      "parentName": "StoryOwnProps",
      "type": Object {
        "name": "function",
        "raw": "(() => void)",
      },
    },
    "ref": Object {
      "description": "ref can be used by blocks embedding Story - ie ally plugin",
      "parentName": "StoryOwnProps",
      "type": Object {
        "name": "function",
        "raw": "((instance: HTMLDivElement | null) => void) | RefObject<HTMLDivElement> | null",
      },
    },
    "sxStyle": Object {
      "description": "theme-ui styling object for Block Box",
      "parentName": "BlockContainerProps",
      "type": Object {
        "name": "union",
        "raw": "ThemeUICSSObject | ThemeDerivedStyles",
        "value": Array [
          Object {
            "name": "ThemeUICSSObject",
          },
          Object {
            "name": "ThemeDerivedStyles",
          },
        ],
      },
    },
    "title": Object {
      "description": "optional section title for the block.",
      "parentName": "BlockContainerProps",
      "type": Object {
        "name": "string",
        "raw": "string",
      },
    },
    "wrapper": Object {
      "description": "wrapper type - can be an iframe or just regular react",
      "parentName": "StoryOwnProps",
      "type": Object {
        "name": "union",
        "raw": "\\"wrapper\\" | \\"iframe\\"",
        "value": Array [
          Object {
            "name": "wrapper",
          },
          Object {
            "name": "iframe",
          },
        ],
      },
    },
  },
}
`;
