// Jest Snapshot v1, https://goo.gl/fbAQLP

exports[`ComponentStats overview snapshot 1`] = `
<DocumentFragment>
  <div
    class="css-vurnku"
  >
    <div
      class="css-vurnku"
      title="total lines of code"
    >
      <div
        class="css-1hgrbpt-Shield"
      >
        loc
      </div>
      <div
        class="css-1lvi1al-Shield"
      >
        25
      </div>
    </div>
    <div
      class="css-vurnku"
      title="percentage comments to lines of code"
    >
      <div
        class="css-1hgrbpt-Shield"
      >
        comments
      </div>
      <div
        class="css-1lvi1al-Shield"
      >
        4%
      </div>
    </div>
    <div
      class="css-vurnku"
      title="total todo comments"
    >
      <div
        class="css-1hgrbpt-Shield"
      >
        todos
      </div>
      <div
        class="css-1lvi1al-Shield"
      >
        5
      </div>
    </div>
    <div
      class="css-vurnku"
      title="number of passed tests"
    >
      <div
        class="css-1hgrbpt-Shield"
      >
        passed
      </div>
      <div
        class="css-1njb4d0-Shield"
      >
        7
      </div>
    </div>
    <div
      class="css-vurnku"
      title="number of failed tests"
    >
      <div
        class="css-1hgrbpt-Shield"
      >
        failed
      </div>
      <div
        class="css-kr2zk8-Shield"
      >
        1
      </div>
    </div>
    <div
      class="css-vurnku"
      title="tests coverage by branches"
    >
      <div
        class="css-1hgrbpt-Shield"
      >
        coverage
      </div>
      <div
        class="css-1lvi1al-Shield"
      >
        67%
      </div>
    </div>
  </div>
</DocumentFragment>
`;
