// Jest Snapshot v1, https://goo.gl/fbAQLP

exports[`SeedsColor overview 1`] = `
<DocumentFragment>
  <div
    class="css-j1e95v-SeedsColor"
  >
    <div
      class="css-6bf4yd-CopyContainer"
      style="display: inline-block;"
    >
      <div
        class="css-6p93im-SeedsColor"
      >
        <div
          class="css-cfbtg2-SeedsColor"
        >
          <div
            class="css-1b3kjcs-SeedsColor"
          >
            RGB: 12,167,80
          </div>
          <div>
            CMYK: 93,0,52,35
          </div>
        </div>
      </div>
    </div>
    <div
      class="css-o2tpdu-SeedsColor"
    >
      <div
        class="css-10upjyy-SeedsColor"
      >
        <div
          class="css-16pqqt5-SeedsColor"
        >
          <div
            class="css-6bf4yd-CopyContainer"
            style="display: inline-block;"
          >
            <div
              class="css-xdfvha"
            >
              <div
                class="css-xl9lbd"
              />
              <div>
                green.700
              </div>
            </div>
          </div>
          <div
            class="css-6bf4yd-CopyContainer"
            style="display: inline-block;"
          >
            <div
              class="css-xdfvha"
            >
              <div
                class="css-xl9lbd"
              />
              <div>
                green.800
              </div>
            </div>
          </div>
        </div>
        <p
          class="css-1hyxsge-SeedsColor"
        >
          Green 700 is the core of our brand identity. Use Green 700 for primary actions and buttons, links, for indicating progress and representing authentication.
        </p>
      </div>
    </div>
  </div>
</DocumentFragment>
`;

exports[`SeedsColor palette 1`] = `
<DocumentFragment>
  <div
    class="css-1mhhg7b"
  >
    <div
      class="css-j1e95v-SeedsColor"
    >
      <div
        class="css-6bf4yd-CopyContainer"
        style="display: inline-block;"
      >
        <div
          class="css-fskl50-SeedsColor"
        >
          <div
            class="css-cfbtg2-SeedsColor"
          >
            <div
              class="css-1b3kjcs-SeedsColor"
            >
              RGB: 111,94,211
            </div>
            <div>
              CMYK: 47,55,0,17
            </div>
          </div>
        </div>
      </div>
      <div
        class="css-o2tpdu-SeedsColor"
      >
        <div
          class="css-10upjyy-SeedsColor"
        >
          <div
            class="css-16pqqt5-SeedsColor"
          >
            <div
              class="css-6bf4yd-CopyContainer"
              style="display: inline-block;"
            >
              <div
                class="css-xdfvha"
              >
                <div
                  class="css-1dgc8kh"
                />
                <div>
                  purple.700
                </div>
              </div>
            </div>
          </div>
          <p
            class="css-1hyxsge-SeedsColor"
          >
            Use Purple 700 to highlight or draw attention to important information that has no interaction. When using our primary purple with our primary green, green should always be the dominant color of the two.
          </p>
        </div>
      </div>
    </div>
    <div
      class="css-j1e95v-SeedsColor"
    >
      <div
        class="css-6bf4yd-CopyContainer"
        style="display: inline-block;"
      >
        <div
          class="css-17r1xfd-SeedsColor"
        >
          <div
            class="css-cfbtg2-SeedsColor"
          >
            <div
              class="css-1b3kjcs-SeedsColor"
            >
              RGB: 0,40,56
            </div>
            <div>
              CMYK: 100,29,0,78
            </div>
          </div>
        </div>
      </div>
      <div
        class="css-o2tpdu-SeedsColor"
      >
        <div
          class="css-10upjyy-SeedsColor"
        >
          <div
            class="css-16pqqt5-SeedsColor"
          >
            <div
              class="css-6bf4yd-CopyContainer"
              style="display: inline-block;"
            >
              <div
                class="css-xdfvha"
              >
                <div
                  class="css-fzurdo"
                />
                <div>
                  aqua.1100
                </div>
              </div>
            </div>
          </div>
          <p
            class="css-1hyxsge-SeedsColor"
          >
            Use Aqua 1100 for dark backgrounds and solid drop shadows. Aqua 1100 should not be used on text.
          </p>
        </div>
      </div>
    </div>
    <div
      class="css-j1e95v-SeedsColor"
    >
      <div
        class="css-6bf4yd-CopyContainer"
        style="display: inline-block;"
      >
        <div
          class="css-7heze0-SeedsColor"
        >
          <div
            class="css-cfbtg2-SeedsColor"
          >
            <div
              class="css-1b3kjcs-SeedsColor"
            >
              RGB: 7,151,174
            </div>
            <div>
              CMYK: 96,13,0,32
            </div>
          </div>
        </div>
      </div>
      <div
        class="css-o2tpdu-SeedsColor"
      >
        <div
          class="css-10upjyy-SeedsColor"
        >
          <div
            class="css-16pqqt5-SeedsColor"
          >
            <div
              class="css-6bf4yd-CopyContainer"
              style="display: inline-block;"
            >
              <div
                class="css-xdfvha"
              >
                <div
                  class="css-qli1vb"
                />
                <div>
                  aqua.600
                </div>
              </div>
            </div>
          </div>
          <p
            class="css-1hyxsge-SeedsColor"
          >
            Use Aqua 600 for in-app text links and to highlight or draw attention to important information that has no interaction. Aqua is also the primary spot illustration color and is used for color blocking.
          </p>
        </div>
      </div>
    </div>
    <div
      class="css-j1e95v-SeedsColor"
    >
      <div
        class="css-6bf4yd-CopyContainer"
        style="display: inline-block;"
      >
        <div
          class="css-1ikoet1-SeedsColor"
        >
          <div
            class="css-cfbtg2-SeedsColor"
          >
            <div
              class="css-1b3kjcs-SeedsColor"
            >
              RGB: 32,121,195
            </div>
            <div>
              CMYK: 84,38,0,24
            </div>
          </div>
        </div>
      </div>
      <div
        class="css-o2tpdu-SeedsColor"
      >
        <div
          class="css-10upjyy-SeedsColor"
        >
          <div
            class="css-hegsy5-SeedsColor"
          >
            Primary CTA
          </div>
          <div
            class="css-16pqqt5-SeedsColor"
          >
            <div
              class="css-6bf4yd-CopyContainer"
              style="display: inline-block;"
            >
              <div
                class="css-xdfvha"
              >
                <div
                  class="css-18savie"
                />
                <div>
                  cta.primary
                </div>
              </div>
            </div>
            <div
              class="css-6bf4yd-CopyContainer"
              style="display: inline-block;"
            >
              <div
                class="css-xdfvha"
              >
                <div
                  class="css-18savie"
                />
                <div>
                  blue.700
                </div>
              </div>
            </div>
          </div>
          <p
            class="css-1hyxsge-SeedsColor"
          />
        </div>
      </div>
    </div>
    <div
      class="css-j1e95v-SeedsColor"
    >
      <div
        class="css-6bf4yd-CopyContainer"
        style="display: inline-block;"
      >
        <div
          class="css-1xn5i87-SeedsColor"
        >
          <div
            class="css-cfbtg2-SeedsColor"
          >
            <div
              class="css-1b3kjcs-SeedsColor"
            >
              RGB: 54,65,65
            </div>
            <div>
              CMYK: 17,0,0,75
            </div>
          </div>
        </div>
      </div>
      <div
        class="css-o2tpdu-SeedsColor"
      >
        <div
          class="css-10upjyy-SeedsColor"
        >
          <div
            class="css-hegsy5-SeedsColor"
          >
            Secondary CTA
          </div>
          <div
            class="css-16pqqt5-SeedsColor"
          >
            <div
              class="css-6bf4yd-CopyContainer"
              style="display: inline-block;"
            >
              <div
                class="css-xdfvha"
              >
                <div
                  class="css-1u2rsu0"
                />
                <div>
                  cta.scondary
                </div>
              </div>
            </div>
            <div
              class="css-6bf4yd-CopyContainer"
              style="display: inline-block;"
            >
              <div
                class="css-xdfvha"
              >
                <div
                  class="css-1u2rsu0"
                />
                <div>
                  neutral.800
                </div>
              </div>
            </div>
          </div>
          <p
            class="css-1hyxsge-SeedsColor"
          />
        </div>
      </div>
    </div>
  </div>
</DocumentFragment>
`;
